<?xml version="1.0" encoding="UTF-8" ?>
<testsuites name="vitest tests" tests="6" failures="6" errors="0" time="0.1263084">
    <testsuite name="src/components/Sidebar.test.tsx" timestamp="2026-03-26T14:40:25.438Z" hostname="Lokeshwaran-PC" tests="6" failures="6" errors="0" skipped="0" time="0.1263084">
        <testcase classname="src/components/Sidebar.test.tsx" name="Sidebar Component &gt; renders protein progress correctly" time="0.0750587">
            <system-err>
React does not recognize the `whileHover` prop on a DOM element. If you intentionally want it to appear in the DOM as a custom attribute, spell it as lowercase `whilehover` instead. If you accidentally passed it from a parent component, remove it from the DOM element.
React does not recognize the `whileTap` prop on a DOM element. If you intentionally want it to appear in the DOM as a custom attribute, spell it as lowercase `whiletap` instead. If you accidentally passed it from a parent component, remove it from the DOM element.

            </system-err>
            <failure message="[vitest] No &quot;AnimatePresence&quot; export is defined on the &quot;framer-motion&quot; mock. Did you forget to return it from &quot;vi.mock&quot;?
If you need to partially mock a module, you can use &quot;importOriginal&quot; helper inside:
" type="Error">
Error: [vitest] No &quot;AnimatePresence&quot; export is defined on the &quot;framer-motion&quot; mock. Did you forget to return it from &quot;vi.mock&quot;?
If you need to partially mock a module, you can use &quot;importOriginal&quot; helper inside:

vi.mock(import(&quot;framer-motion&quot;), async (importOriginal) =&gt; {
  const actual = await importOriginal()
  return {
    ...actual,
    // your mocked methods
  }
})

 ❯ GlassPopover src/components/Shared/GlassPopover.tsx:15:6
 ❯ Object.react_stack_bottom_frame node_modules/react-dom/cjs/react-dom-client.development.js:25904:20
 ❯ renderWithHooks node_modules/react-dom/cjs/react-dom-client.development.js:7662:22
 ❯ updateFunctionComponent node_modules/react-dom/cjs/react-dom-client.development.js:10166:19
 ❯ beginWork node_modules/react-dom/cjs/react-dom-client.development.js:11778:18
 ❯ runWithFiberInDEV node_modules/react-dom/cjs/react-dom-client.development.js:874:13
 ❯ performUnitOfWork node_modules/react-dom/cjs/react-dom-client.development.js:17641:22
 ❯ workLoopSync node_modules/react-dom/cjs/react-dom-client.development.js:17469:41
            </failure>
        </testcase>
        <testcase classname="src/components/Sidebar.test.tsx" name="Sidebar Component &gt; handles protein goal reached correctly" time="0.0099629">
            <failure message="[vitest] No &quot;AnimatePresence&quot; export is defined on the &quot;framer-motion&quot; mock. Did you forget to return it from &quot;vi.mock&quot;?
If you need to partially mock a module, you can use &quot;importOriginal&quot; helper inside:
" type="Error">
Error: [vitest] No &quot;AnimatePresence&quot; export is defined on the &quot;framer-motion&quot; mock. Did you forget to return it from &quot;vi.mock&quot;?
If you need to partially mock a module, you can use &quot;importOriginal&quot; helper inside:

vi.mock(import(&quot;framer-motion&quot;), async (importOriginal) =&gt; {
  const actual = await importOriginal()
  return {
    ...actual,
    // your mocked methods
  }
})

 ❯ GlassPopover src/components/Shared/GlassPopover.tsx:15:6
 ❯ Object.react_stack_bottom_frame node_modules/react-dom/cjs/react-dom-client.development.js:25904:20
 ❯ renderWithHooks node_modules/react-dom/cjs/react-dom-client.development.js:7662:22
 ❯ updateFunctionComponent node_modules/react-dom/cjs/react-dom-client.development.js:10166:19
 ❯ beginWork node_modules/react-dom/cjs/react-dom-client.development.js:11778:18
 ❯ runWithFiberInDEV node_modules/react-dom/cjs/react-dom-client.development.js:874:13
 ❯ performUnitOfWork node_modules/react-dom/cjs/react-dom-client.development.js:17641:22
 ❯ workLoopSync node_modules/react-dom/cjs/react-dom-client.development.js:17469:41
            </failure>
        </testcase>
        <testcase classname="src/components/Sidebar.test.tsx" name="Sidebar Component &gt; renders calorie progress and remaining kcal correctly" time="0.0088013">
            <failure message="[vitest] No &quot;AnimatePresence&quot; export is defined on the &quot;framer-motion&quot; mock. Did you forget to return it from &quot;vi.mock&quot;?
If you need to partially mock a module, you can use &quot;importOriginal&quot; helper inside:
" type="Error">
Error: [vitest] No &quot;AnimatePresence&quot; export is defined on the &quot;framer-motion&quot; mock. Did you forget to return it from &quot;vi.mock&quot;?
If you need to partially mock a module, you can use &quot;importOriginal&quot; helper inside:

vi.mock(import(&quot;framer-motion&quot;), async (importOriginal) =&gt; {
  const actual = await importOriginal()
  return {
    ...actual,
    // your mocked methods
  }
})

 ❯ GlassPopover src/components/Shared/GlassPopover.tsx:15:6
 ❯ Object.react_stack_bottom_frame node_modules/react-dom/cjs/react-dom-client.development.js:25904:20
 ❯ renderWithHooks node_modules/react-dom/cjs/react-dom-client.development.js:7662:22
 ❯ updateFunctionComponent node_modules/react-dom/cjs/react-dom-client.development.js:10166:19
 ❯ beginWork node_modules/react-dom/cjs/react-dom-client.development.js:11778:18
 ❯ runWithFiberInDEV node_modules/react-dom/cjs/react-dom-client.development.js:874:13
 ❯ performUnitOfWork node_modules/react-dom/cjs/react-dom-client.development.js:17641:22
 ❯ workLoopSync node_modules/react-dom/cjs/react-dom-client.development.js:17469:41
            </failure>
        </testcase>
        <testcase classname="src/components/Sidebar.test.tsx" name="Sidebar Component &gt; renders stats rows for weight, sleep, etc." time="0.0101645">
            <failure message="[vitest] No &quot;AnimatePresence&quot; export is defined on the &quot;framer-motion&quot; mock. Did you forget to return it from &quot;vi.mock&quot;?
If you need to partially mock a module, you can use &quot;importOriginal&quot; helper inside:
" type="Error">
Error: [vitest] No &quot;AnimatePresence&quot; export is defined on the &quot;framer-motion&quot; mock. Did you forget to return it from &quot;vi.mock&quot;?
If you need to partially mock a module, you can use &quot;importOriginal&quot; helper inside:

vi.mock(import(&quot;framer-motion&quot;), async (importOriginal) =&gt; {
  const actual = await importOriginal()
  return {
    ...actual,
    // your mocked methods
  }
})

 ❯ GlassPopover src/components/Shared/GlassPopover.tsx:15:6
 ❯ Object.react_stack_bottom_frame node_modules/react-dom/cjs/react-dom-client.development.js:25904:20
 ❯ renderWithHooks node_modules/react-dom/cjs/react-dom-client.development.js:7662:22
 ❯ updateFunctionComponent node_modules/react-dom/cjs/react-dom-client.development.js:10166:19
 ❯ beginWork node_modules/react-dom/cjs/react-dom-client.development.js:11778:18
 ❯ runWithFiberInDEV node_modules/react-dom/cjs/react-dom-client.development.js:874:13
 ❯ performUnitOfWork node_modules/react-dom/cjs/react-dom-client.development.js:17641:22
 ❯ workLoopSync node_modules/react-dom/cjs/react-dom-client.development.js:17469:41
            </failure>
        </testcase>
        <testcase classname="src/components/Sidebar.test.tsx" name="Sidebar Component &gt; calls setDayType when a day type button is clicked" time="0.0097413">
            <failure message="[vitest] No &quot;AnimatePresence&quot; export is defined on the &quot;framer-motion&quot; mock. Did you forget to return it from &quot;vi.mock&quot;?
If you need to partially mock a module, you can use &quot;importOriginal&quot; helper inside:
" type="Error">
Error: [vitest] No &quot;AnimatePresence&quot; export is defined on the &quot;framer-motion&quot; mock. Did you forget to return it from &quot;vi.mock&quot;?
If you need to partially mock a module, you can use &quot;importOriginal&quot; helper inside:

vi.mock(import(&quot;framer-motion&quot;), async (importOriginal) =&gt; {
  const actual = await importOriginal()
  return {
    ...actual,
    // your mocked methods
  }
})

 ❯ GlassPopover src/components/Shared/GlassPopover.tsx:15:6
 ❯ Object.react_stack_bottom_frame node_modules/react-dom/cjs/react-dom-client.development.js:25904:20
 ❯ renderWithHooks node_modules/react-dom/cjs/react-dom-client.development.js:7662:22
 ❯ updateFunctionComponent node_modules/react-dom/cjs/react-dom-client.development.js:10166:19
 ❯ beginWork node_modules/react-dom/cjs/react-dom-client.development.js:11778:18
 ❯ runWithFiberInDEV node_modules/react-dom/cjs/react-dom-client.development.js:874:13
 ❯ performUnitOfWork node_modules/react-dom/cjs/react-dom-client.development.js:17641:22
 ❯ workLoopSync node_modules/react-dom/cjs/react-dom-client.development.js:17469:41
            </failure>
        </testcase>
        <testcase classname="src/components/Sidebar.test.tsx" name="Sidebar Component &gt; highlights the active day type" time="0.0097245">
            <failure message="[vitest] No &quot;AnimatePresence&quot; export is defined on the &quot;framer-motion&quot; mock. Did you forget to return it from &quot;vi.mock&quot;?
If you need to partially mock a module, you can use &quot;importOriginal&quot; helper inside:
" type="Error">
Error: [vitest] No &quot;AnimatePresence&quot; export is defined on the &quot;framer-motion&quot; mock. Did you forget to return it from &quot;vi.mock&quot;?
If you need to partially mock a module, you can use &quot;importOriginal&quot; helper inside:

vi.mock(import(&quot;framer-motion&quot;), async (importOriginal) =&gt; {
  const actual = await importOriginal()
  return {
    ...actual,
    // your mocked methods
  }
})

 ❯ GlassPopover src/components/Shared/GlassPopover.tsx:15:6
 ❯ Object.react_stack_bottom_frame node_modules/react-dom/cjs/react-dom-client.development.js:25904:20
 ❯ renderWithHooks node_modules/react-dom/cjs/react-dom-client.development.js:7662:22
 ❯ updateFunctionComponent node_modules/react-dom/cjs/react-dom-client.development.js:10166:19
 ❯ beginWork node_modules/react-dom/cjs/react-dom-client.development.js:11778:18
 ❯ runWithFiberInDEV node_modules/react-dom/cjs/react-dom-client.development.js:874:13
 ❯ performUnitOfWork node_modules/react-dom/cjs/react-dom-client.development.js:17641:22
 ❯ workLoopSync node_modules/react-dom/cjs/react-dom-client.development.js:17469:41
            </failure>
        </testcase>
    </testsuite>
</testsuites>
